main.c:59:6:LED1_Toggle	8	static
main.c:62:6:LED2_Toggle	8	static
main.c:64:6:LED3_Toggle	8	static
main.c:67:6:LED4_Toggle	8	static
main.c:70:6:LED5_Toggle	8	static
main.c:73:6:LED6_Toggle	8	static
main.c:79:6:Check_Button	8	static
main.c:97:5:main	8	static
main.c:149:6:SystemClock_Config	72	static
main.c:186:13:MX_IWDG_Init	8	static
main.c:214:13:MX_TIM2_Init	32	static
main.c:259:13:MX_GPIO_Init	32	static
main.c:289:6:HAL_TIM_PeriodElapsedCallback	16	static
main.c:298:6:Error_Handler	4	static,ignoring_inline_asm
